Start: пятница, 26 июня 2026 г. 11:47:59 (MSK)

Indexing IRGSP-1.0 (faidx, if needed)...
Extracting flanking windows around bin midpoints...
Done.
Windows FASTA: species/oryza_sativa_indica/results/liftover/yu2011_irgsp1_to_zs97rs3/windows_irgsp1_flank.fasta  (1619 windows, half-width 500 bp)
Center BED:    species/oryza_sativa_indica/results/liftover/yu2011_irgsp1_to_zs97rs3/windows_center.bed
Windows clamped at chr end: 0

Aligning windows to ZS97RS3 (minimap2 asm5, primary only)...
[M::mm_idx_gen::11.942*1.35] collected minimizers
[M::mm_idx_gen::14.173*1.93] sorted minimizers
[M::main::14.173*1.93] loaded/built the index for 13 target sequence(s)
[M::mm_mapopt_update::14.865*1.89] mid_occ = 222
[M::mm_idx_stat] kmer size: 19; skip: 19; is_hpc: 0; #seq: 13
[M::mm_idx_stat::15.289*1.86] distinct minimizers: 27033260 (91.35% are singletons); average occurrences: 1.463; average spacing: 9.901; total length: 391696131
[M::worker_pipeline::16.505*2.13] mapped 1619 sequences
[M::main] Version: 2.31-r1302
[M::main] CMD: minimap2 -t 6 -cx asm5 --secondary=no species/oryza_sativa_indica/data/ref/GCA_001623345.3_genomic.fna species/oryza_sativa_indica/results/liftover/yu2011_irgsp1_to_zs97rs3/windows_irgsp1_flank.fasta
[M::main] Real time: 16.679 sec; CPU: 35.334 sec; Peak RSS: 1.454 GB
PAF lines:     1543

Lifting window centers with paftools.js liftover...

Done: пятница, 26 июня 2026 г. 11:48:20 (MSK)
Lifted BED: species/oryza_sativa_indica/results/liftover/yu2011_irgsp1_to_zs97rs3/yu2011_bins_zs97rs3_lifted.bed
Input bins:     1619 ; lifted rows:     1420
